Last login: Sat Dec 26 13:24:36 on ttys000
Genos-MBP:~ gnoevil$ cd Desktop
Genos-MBP:Desktop gnoevil$ cd test
Genos-MBP:test gnoevil$ cd basic_repo
Genos-MBP:basic_repo gnoevil$ git status
On branch master
Your branch is ahead of 'origin/master' by 7 commits.
  (use "git push" to publish your local commits)
Changes not staged for commit:
  (use "git add <file>..." to update what will be committed)
  (use "git checkout -- <file>..." to discard changes in working directory)

	modified:   ../commands.txt

no changes added to commit (use "git add" and/or "git commit -a")
Genos-MBP:basic_repo gnoevil$ git add .
Genos-MBP:basic_repo gnoevil$ git commit -m "initial commit"
On branch master
Your branch is ahead of 'origin/master' by 7 commits.
  (use "git push" to publish your local commits)
Changes not staged for commit:
	modified:   ../commands.txt

no changes added to commit
Genos-MBP:basic_repo gnoevil$ git branch
  add-css
* master
  new-feature
Genos-MBP:basic_repo gnoevil$ git push
Counting objects: 28, done.
Delta compression using up to 8 threads.
Compressing objects: 100% (27/27), done.
Writing objects: 100% (28/28), 4.69 KiB | 0 bytes/s, done.
Total 28 (delta 7), reused 0 (delta 0)
To https://github.com/gnoevil/assignment3.git
   a0fdda4..2a41f53  master -> master
Genos-MBP:basic_repo gnoevil$ git add .
Genos-MBP:basic_repo gnoevil$ git commit -m "assignment 4"
[master d83a443] assignment 4
 2 files changed, 17 insertions(+), 1 deletion(-)
Genos-MBP:basic_repo gnoevil$ git push
Counting objects: 4, done.
Delta compression using up to 8 threads.
Compressing objects: 100% (4/4), done.
Writing objects: 100% (4/4), 474 bytes | 0 bytes/s, done.
Total 4 (delta 2), reused 0 (delta 0)
To https://github.com/gnoevil/assignment3.git
   2a41f53..d83a443  master -> master
Genos-MBP:basic_repo gnoevil$ 
